mode: set
github.com/duykhanh/worklane/services/otp-api/internal/app/config.go:33.39,35.2 1 1
github.com/duykhanh/worklane/services/otp-api/internal/app/ratelimit.go:29.62,29.101 1 1
github.com/duykhanh/worklane/services/otp-api/internal/app/ratelimit.go:39.93,41.31 2 1
github.com/duykhanh/worklane/services/otp-api/internal/app/ratelimit.go:41.31,43.17 2 1
github.com/duykhanh/worklane/services/otp-api/internal/app/ratelimit.go:43.17,45.4 1 0
github.com/duykhanh/worklane/services/otp-api/internal/app/ratelimit.go:46.3,46.13 1 1
github.com/duykhanh/worklane/services/otp-api/internal/app/ratelimit.go:46.13,48.4 1 1
github.com/duykhanh/worklane/services/otp-api/internal/app/ratelimit.go:51.2,53.16 3 1
github.com/duykhanh/worklane/services/otp-api/internal/app/ratelimit.go:53.16,55.3 1 0
github.com/duykhanh/worklane/services/otp-api/internal/app/ratelimit.go:56.2,56.37 1 1
github.com/duykhanh/worklane/services/otp-api/internal/app/ratelimit.go:56.37,58.3 1 1
github.com/duykhanh/worklane/services/otp-api/internal/app/ratelimit.go:60.2,62.16 3 1
github.com/duykhanh/worklane/services/otp-api/internal/app/ratelimit.go:62.16,64.3 1 0
github.com/duykhanh/worklane/services/otp-api/internal/app/ratelimit.go:65.2,65.35 1 1
github.com/duykhanh/worklane/services/otp-api/internal/app/ratelimit.go:65.35,67.3 1 1
github.com/duykhanh/worklane/services/otp-api/internal/app/ratelimit.go:69.2,69.31 1 1
github.com/duykhanh/worklane/services/otp-api/internal/app/ratelimit.go:69.31,70.69 1 1
github.com/duykhanh/worklane/services/otp-api/internal/app/ratelimit.go:70.69,72.4 1 0
github.com/duykhanh/worklane/services/otp-api/internal/app/ratelimit.go:74.2,74.12 1 1
github.com/duykhanh/worklane/services/otp-api/internal/app/send.go:28.49,30.2 1 1
github.com/duykhanh/worklane/services/otp-api/internal/app/send.go:34.79,37.29 1 1
github.com/duykhanh/worklane/services/otp-api/internal/app/send.go:37.29,40.17 3 1
github.com/duykhanh/worklane/services/otp-api/internal/app/send.go:40.17,42.4 1 0
github.com/duykhanh/worklane/services/otp-api/internal/app/send.go:43.3,43.13 1 1
github.com/duykhanh/worklane/services/otp-api/internal/app/send.go:43.13,45.18 2 1
github.com/duykhanh/worklane/services/otp-api/internal/app/send.go:45.18,47.5 1 0
github.com/duykhanh/worklane/services/otp-api/internal/app/send.go:50.4,50.47 1 1
github.com/duykhanh/worklane/services/otp-api/internal/app/send.go:52.3,52.66 1 1
github.com/duykhanh/worklane/services/otp-api/internal/app/send.go:52.66,54.4 1 0
github.com/duykhanh/worklane/services/otp-api/internal/app/send.go:57.2,57.75 1 1
github.com/duykhanh/worklane/services/otp-api/internal/app/send.go:57.75,59.3 1 1
github.com/duykhanh/worklane/services/otp-api/internal/app/send.go:61.2,62.16 2 1
github.com/duykhanh/worklane/services/otp-api/internal/app/send.go:62.16,64.3 1 0
github.com/duykhanh/worklane/services/otp-api/internal/app/send.go:65.2,68.96 4 1
github.com/duykhanh/worklane/services/otp-api/internal/app/send.go:68.96,70.3 1 0
github.com/duykhanh/worklane/services/otp-api/internal/app/send.go:72.2,75.17 1 1
github.com/duykhanh/worklane/services/otp-api/internal/app/send.go:75.17,77.3 1 0
github.com/duykhanh/worklane/services/otp-api/internal/app/send.go:79.2,83.72 2 1
github.com/duykhanh/worklane/services/otp-api/internal/app/send.go:83.72,85.3 1 0
github.com/duykhanh/worklane/services/otp-api/internal/app/send.go:86.2,86.58 1 1
github.com/duykhanh/worklane/services/otp-api/internal/app/send.go:90.21,94.2 3 1
github.com/duykhanh/worklane/services/otp-api/internal/app/verify.go:23.69,26.16 3 1
github.com/duykhanh/worklane/services/otp-api/internal/app/verify.go:26.16,28.3 1 1
github.com/duykhanh/worklane/services/otp-api/internal/app/verify.go:29.2,29.45 1 1
github.com/duykhanh/worklane/services/otp-api/internal/app/verify.go:29.45,31.3 1 1
github.com/duykhanh/worklane/services/otp-api/internal/app/verify.go:32.2,32.53 1 1
github.com/duykhanh/worklane/services/otp-api/internal/app/verify.go:32.53,40.3 3 1
github.com/duykhanh/worklane/services/otp-api/internal/app/verify.go:42.2,43.69 2 1
github.com/duykhanh/worklane/services/otp-api/internal/domain/code.go:17.47,18.31 1 1
github.com/duykhanh/worklane/services/otp-api/internal/domain/code.go:18.31,20.3 1 1
github.com/duykhanh/worklane/services/otp-api/internal/domain/code.go:21.2,23.16 3 1
github.com/duykhanh/worklane/services/otp-api/internal/domain/code.go:23.16,25.3 1 0
github.com/duykhanh/worklane/services/otp-api/internal/domain/code.go:26.2,26.44 1 1
github.com/duykhanh/worklane/services/otp-api/internal/domain/hash.go:12.41,15.2 2 1
github.com/duykhanh/worklane/services/otp-api/internal/domain/hash.go:21.47,24.2 2 1
github.com/duykhanh/worklane/services/otp-api/internal/domain/request.go:27.41,29.13 2 1
github.com/duykhanh/worklane/services/otp-api/internal/domain/request.go:29.13,31.3 1 1
github.com/duykhanh/worklane/services/otp-api/internal/domain/request.go:32.2,32.39 1 1
github.com/duykhanh/worklane/services/otp-api/internal/domain/state.go:29.45,29.74 1 1
